[ec2-user@ip-10-1-10-12 ~]$ sudo /usr/bin/yum install mysql
Loaded plugins: extras_suggestions, langpacks, priorities, update-motd
Resolving Dependencies
--> Running transaction check
---> Package mariadb.x86_64 1:5.5.68-1.amzn2 will be installed
--> Finished Dependency Resolution

Dependencies Resolved

==============================================================================================================================================================================================================================================================================================================================
 Package                                                                    Arch                                                                      Version                                                                             Repository                                                                     Size
==============================================================================================================================================================================================================================================================================================================================
Installing:
 mariadb                                                                    x86_64                                                                    1:5.5.68-1.amzn2                                                                    amzn2-core                                                                    8.8 M

Transaction Summary
==============================================================================================================================================================================================================================================================================================================================
Install  1 Package

Total download size: 8.8 M
Installed size: 49 M
Is this ok [y/d/N]: y
Downloading packages:
mariadb-5.5.68-1.amzn2.x86_64.rpm                                                                                                                                                                                                                                                                      | 8.8 MB  00:00:00     
Running transaction check
Running transaction test
Transaction test succeeded
Running transaction
  Installing : 1:mariadb-5.5.68-1.amzn2.x86_64                                                                                                                                                                                                                                                                            1/1 
  Verifying  : 1:mariadb-5.5.68-1.amzn2.x86_64                                                                                                                                                                                                                                                                            1/1 

Installed:
  mariadb.x86_64 1:5.5.68-1.amzn2                                                                                                                                                                                                                                                                                             

Complete!
[ec2-user@ip-10-1-10-12 ~]$ mysql
ERROR 2002 (HY000): Can't connect to local MySQL server through socket '/var/lib/mysql/mysql.sock' (2)
[ec2-user@ip-10-1-10-12 ~]$ mysql -h udacity.clqjxyvfegz9.us-east-1.rds.amazonaws.com
ERROR 2059 (HY000): Authentication plugin 'sha256_password' cannot be loaded: /usr/lib64/mysql/plugin/sha256_password.so: cannot open shared object file: No such file or directory
[ec2-user@ip-10-1-10-12 ~]$ mysql -h udacity.clqjxyvfegz9.us-east-1.rds.amazonaws.com -u admin
ERROR 1045 (28000): Access denied for user 'admin'@'10.1.10.12' (using password: NO)
[ec2-user@ip-10-1-10-12 ~]$ mysql -h udacity.clqjxyvfegz9.us-east-1.rds.amazonaws.com -u admin -p
Enter password: 
Welcome to the MariaDB monitor.  Commands end with ; or \g.
Your MySQL connection id is 106
Server version: 8.0.28 Source distribution

Copyright (c) 2000, 2018, Oracle, MariaDB Corporation Ab and others.

Type 'help;' or '\h' for help. Type '\c' to clear the current input statement.

MySQL [(none)]> CREATE TABLE Persons (
    ->     PersonID int,
    ->     LastName varchar(255),
    ->     FirstName varchar(255),
    ->     Address varchar(255),
    ->     City varchar(255)
    -> );
ERROR 1046 (3D000): No database selected
MySQL [(none)]> CREATE DATABASE testDB;
Query OK, 1 row affected (0.04 sec)

MySQL [(none)]> CREATE TABLE Persons (     PersonID int,     LastName varchar(255),     FirstName varchar(255),     Address varchar(255),     City varchar(255) );
ERROR 1046 (3D000): No database selected
MySQL [(none)]> use testDB;
Database changed
MySQL [testDB]> CREATE TABLE Persons (     PersonID int,     LastName varchar(255),     FirstName varchar(255),     Address varchar(255),     City varchar(255) );
Query OK, 0 rows affected (0.12 sec)

MySQL [testDB]> INSERT INTO Persons VALUES (1, "Phadtare", "Rahul", "1, Main Road", "Yuba City");
Query OK, 1 row affected (0.01 sec)

MySQL [testDB]> select * from Persons
    -> 
    -> ;
+----------+----------+-----------+--------------+-----------+
| PersonID | LastName | FirstName | Address      | City      |
+----------+----------+-----------+--------------+-----------+
|        1 | Phadtare | Rahul     | 1, Main Road | Yuba City |
+----------+----------+-----------+--------------+-----------+
1 row in set (0.00 sec)

MySQL [testDB]> exit
Bye
[ec2-user@ip-10-1-10-12 ~]$ 
